// Jest Snapshot v1, https://goo.gl/fbAQLP

exports[`NewQuiz-Component tests New quiz draws correctly 1`] = `
<Fragment>
  <QuizEditor
    cardtitle="ðŸ“£ Creating a new quiz! ðŸ“£"
    mode="new"
  />
</Fragment>
`;
